#! /usr/bin/vvp
:ivl_version "12.0 (stable)";
:ivl_delay_selection "TYPICAL";
:vpi_time_precision - 12;
:vpi_module "/usr/lib/x86_64-linux-gnu/ivl/system.vpi";
:vpi_module "/usr/lib/x86_64-linux-gnu/ivl/vhdl_sys.vpi";
:vpi_module "/usr/lib/x86_64-linux-gnu/ivl/vhdl_textio.vpi";
:vpi_module "/usr/lib/x86_64-linux-gnu/ivl/v2005_math.vpi";
:vpi_module "/usr/lib/x86_64-linux-gnu/ivl/va_math.vpi";
:vpi_module "/usr/lib/x86_64-linux-gnu/ivl/v2009.vpi";
S_0x58c364333a50 .scope package, "$unit" "$unit" 2 1;
 .timescale 0 0;
S_0x58c364333be0 .scope module, "ALU_tb" "ALU_tb" 3 3;
 .timescale -9 -12;
v0x58c3643559d0_0 .var "A", 31 0;
v0x58c364355ab0_0 .var "ALU_ctrl", 2 0;
v0x58c364355b50_0 .var "B", 31 0;
v0x58c364355bf0_0 .net "Result", 31 0, v0x58c364355060_0;  1 drivers
v0x58c364355cc0_0 .net "Zero", 0 0, v0x58c364355140_0;  1 drivers
S_0x58c3642f6490 .scope task, "check" "check" 3 20, 3 20 0, S_0x58c364333be0;
 .timescale -9 -12;
v0x58c3642f6670_0 .var "exp_result", 31 0;
v0x58c364354ac0_0 .var "exp_zero", 0 0;
TD_ALU_tb.check ;
    %delay 1000, 0;
    %load/vec4 v0x58c364355bf0_0;
    %load/vec4 v0x58c3642f6670_0;
    %cmp/ne;
    %jmp/1 T_0.2, 6;
    %flag_mov 8, 6;
    %load/vec4 v0x58c364355cc0_0;
    %load/vec4 v0x58c364354ac0_0;
    %cmp/ne;
    %flag_or 6, 8;
T_0.2;
    %jmp/0xz  T_0.0, 6;
    %vpi_call/w 3 26 "$display", "\342\235\214 FAIL | ctrl=%b A=%0d B=%0d | Result=%0d Zero=%b | Expected=%0d Zero=%b", v0x58c364355ab0_0, v0x58c3643559d0_0, v0x58c364355b50_0, v0x58c364355bf0_0, v0x58c364355cc0_0, v0x58c3642f6670_0, v0x58c364354ac0_0 {0 0 0};
    %jmp T_0.1;
T_0.0 ;
    %vpi_call/w 3 29 "$display", "\342\234\205 PASS | ctrl=%b A=%0d B=%0d | Result=%0d Zero=%b", v0x58c364355ab0_0, v0x58c3643559d0_0, v0x58c364355b50_0, v0x58c364355bf0_0, v0x58c364355cc0_0 {0 0 0};
T_0.1 ;
    %end;
S_0x58c364354b80 .scope module, "dut" "ALU" 3 11, 4 1 0, S_0x58c364333be0;
 .timescale 0 0;
    .port_info 0 /INPUT 32 "A";
    .port_info 1 /INPUT 32 "B";
    .port_info 2 /INPUT 3 "ALU_ctrl";
    .port_info 3 /OUTPUT 32 "Result";
    .port_info 4 /OUTPUT 1 "Zero";
L_0x58c364355e00 .functor AND 32, v0x58c3643559d0_0, v0x58c364355b50_0, C4<11111111111111111111111111111111>, C4<11111111111111111111111111111111>;
L_0x58c364356100 .functor OR 32, v0x58c3643559d0_0, v0x58c364355b50_0, C4<00000000000000000000000000000000>, C4<00000000000000000000000000000000>;
v0x58c364354dc0_0 .net "A", 31 0, v0x58c3643559d0_0;  1 drivers
v0x58c364354ec0_0 .net "ALU_ctrl", 2 0, v0x58c364355ab0_0;  1 drivers
v0x58c364354fa0_0 .net "B", 31 0, v0x58c364355b50_0;  1 drivers
v0x58c364355060_0 .var "Result", 31 0;
v0x58c364355140_0 .var "Zero", 0 0;
L_0x70cd7249d018 .functor BUFT 1, C4<00000000000000000000000000000001>, C4<0>, C4<0>, C4<0>;
v0x58c364355250_0 .net/2u *"_ivl_10", 31 0, L_0x70cd7249d018;  1 drivers
L_0x70cd7249d060 .functor BUFT 1, C4<00000000000000000000000000000000>, C4<0>, C4<0>, C4<0>;
v0x58c364355330_0 .net/2u *"_ivl_12", 31 0, L_0x70cd7249d060;  1 drivers
v0x58c364355410_0 .net *"_ivl_8", 0 0, L_0x58c3643561a0;  1 drivers
v0x58c3643554d0_0 .net "add", 31 0, L_0x58c364355d60;  1 drivers
v0x58c3643555b0_0 .net "and_", 31 0, L_0x58c364355e00;  1 drivers
v0x58c364355690_0 .net "or_", 31 0, L_0x58c364356100;  1 drivers
v0x58c364355770_0 .net "slt", 31 0, L_0x58c364366310;  1 drivers
v0x58c364355850_0 .net "sub", 31 0, L_0x58c364355f40;  1 drivers
E_0x58c3643317e0/0 .event anyedge, v0x58c364354ec0_0, v0x58c3643554d0_0, v0x58c364355850_0, v0x58c3643555b0_0;
E_0x58c3643317e0/1 .event anyedge, v0x58c364355690_0, v0x58c364355770_0, v0x58c364355060_0;
E_0x58c3643317e0 .event/or E_0x58c3643317e0/0, E_0x58c3643317e0/1;
L_0x58c364355d60 .arith/sum 32, v0x58c3643559d0_0, v0x58c364355b50_0;
L_0x58c364355f40 .arith/sub 32, v0x58c3643559d0_0, v0x58c364355b50_0;
L_0x58c3643561a0 .cmp/gt 32, v0x58c364355b50_0, v0x58c3643559d0_0;
L_0x58c364366310 .functor MUXZ 32, L_0x70cd7249d060, L_0x70cd7249d018, L_0x58c3643561a0, C4<>;
    .scope S_0x58c364354b80;
T_1 ;
    %wait E_0x58c3643317e0;
    %pushi/vec4 0, 0, 32;
    %store/vec4 v0x58c364355060_0, 0, 32;
    %load/vec4 v0x58c364354ec0_0;
    %dup/vec4;
    %pushi/vec4 0, 0, 3;
    %cmp/u;
    %jmp/1 T_1.0, 6;
    %dup/vec4;
    %pushi/vec4 1, 0, 3;
    %cmp/u;
    %jmp/1 T_1.1, 6;
    %dup/vec4;
    %pushi/vec4 2, 0, 3;
    %cmp/u;
    %jmp/1 T_1.2, 6;
    %dup/vec4;
    %pushi/vec4 3, 0, 3;
    %cmp/u;
    %jmp/1 T_1.3, 6;
    %dup/vec4;
    %pushi/vec4 5, 0, 3;
    %cmp/u;
    %jmp/1 T_1.4, 6;
    %jmp T_1.5;
T_1.0 ;
    %load/vec4 v0x58c3643554d0_0;
    %store/vec4 v0x58c364355060_0, 0, 32;
    %jmp T_1.5;
T_1.1 ;
    %load/vec4 v0x58c364355850_0;
    %store/vec4 v0x58c364355060_0, 0, 32;
    %jmp T_1.5;
T_1.2 ;
    %load/vec4 v0x58c3643555b0_0;
    %store/vec4 v0x58c364355060_0, 0, 32;
    %jmp T_1.5;
T_1.3 ;
    %load/vec4 v0x58c364355690_0;
    %store/vec4 v0x58c364355060_0, 0, 32;
    %jmp T_1.5;
T_1.4 ;
    %load/vec4 v0x58c364355770_0;
    %store/vec4 v0x58c364355060_0, 0, 32;
    %jmp T_1.5;
T_1.5 ;
    %pop/vec4 1;
    %load/vec4 v0x58c364355060_0;
    %cmpi/e 0, 0, 32;
    %flag_mov 8, 4;
    %jmp/0 T_1.6, 8;
    %pushi/vec4 1, 0, 2;
    %jmp/1 T_1.7, 8;
T_1.6 ; End of true expr.
    %pushi/vec4 0, 0, 2;
    %jmp/0 T_1.7, 8;
 ; End of false expr.
    %blend;
T_1.7;
    %pad/s 1;
    %store/vec4 v0x58c364355140_0, 0, 1;
    %jmp T_1;
    .thread T_1, $push;
    .scope S_0x58c364333be0;
T_2 ;
    %vpi_call/w 3 36 "$display", "---- ALU TEST START ----" {0 0 0};
    %pushi/vec4 10, 0, 32;
    %store/vec4 v0x58c3643559d0_0, 0, 32;
    %pushi/vec4 20, 0, 32;
    %store/vec4 v0x58c364355b50_0, 0, 32;
    %pushi/vec4 0, 0, 3;
    %store/vec4 v0x58c364355ab0_0, 0, 3;
    %pushi/vec4 30, 0, 32;
    %store/vec4 v0x58c3642f6670_0, 0, 32;
    %pushi/vec4 0, 0, 1;
    %store/vec4 v0x58c364354ac0_0, 0, 1;
    %fork TD_ALU_tb.check, S_0x58c3642f6490;
    %join;
    %pushi/vec4 25, 0, 32;
    %store/vec4 v0x58c3643559d0_0, 0, 32;
    %pushi/vec4 5, 0, 32;
    %store/vec4 v0x58c364355b50_0, 0, 32;
    %pushi/vec4 1, 0, 3;
    %store/vec4 v0x58c364355ab0_0, 0, 3;
    %pushi/vec4 20, 0, 32;
    %store/vec4 v0x58c3642f6670_0, 0, 32;
    %pushi/vec4 0, 0, 1;
    %store/vec4 v0x58c364354ac0_0, 0, 1;
    %fork TD_ALU_tb.check, S_0x58c3642f6490;
    %join;
    %pushi/vec4 15, 0, 32;
    %store/vec4 v0x58c3643559d0_0, 0, 32;
    %pushi/vec4 15, 0, 32;
    %store/vec4 v0x58c364355b50_0, 0, 32;
    %pushi/vec4 1, 0, 3;
    %store/vec4 v0x58c364355ab0_0, 0, 3;
    %pushi/vec4 0, 0, 32;
    %store/vec4 v0x58c3642f6670_0, 0, 32;
    %pushi/vec4 1, 0, 1;
    %store/vec4 v0x58c364354ac0_0, 0, 1;
    %fork TD_ALU_tb.check, S_0x58c3642f6490;
    %join;
    %pushi/vec4 61680, 0, 32;
    %store/vec4 v0x58c3643559d0_0, 0, 32;
    %pushi/vec4 4080, 0, 32;
    %store/vec4 v0x58c364355b50_0, 0, 32;
    %pushi/vec4 2, 0, 3;
    %store/vec4 v0x58c364355ab0_0, 0, 3;
    %pushi/vec4 240, 0, 32;
    %store/vec4 v0x58c3642f6670_0, 0, 32;
    %pushi/vec4 0, 0, 1;
    %store/vec4 v0x58c364354ac0_0, 0, 1;
    %fork TD_ALU_tb.check, S_0x58c3642f6490;
    %join;
    %pushi/vec4 61680, 0, 32;
    %store/vec4 v0x58c3643559d0_0, 0, 32;
    %pushi/vec4 4080, 0, 32;
    %store/vec4 v0x58c364355b50_0, 0, 32;
    %pushi/vec4 3, 0, 3;
    %store/vec4 v0x58c364355ab0_0, 0, 3;
    %pushi/vec4 65520, 0, 32;
    %store/vec4 v0x58c3642f6670_0, 0, 32;
    %pushi/vec4 0, 0, 1;
    %store/vec4 v0x58c364354ac0_0, 0, 1;
    %fork TD_ALU_tb.check, S_0x58c3642f6490;
    %join;
    %pushi/vec4 5, 0, 32;
    %store/vec4 v0x58c3643559d0_0, 0, 32;
    %pushi/vec4 10, 0, 32;
    %store/vec4 v0x58c364355b50_0, 0, 32;
    %pushi/vec4 5, 0, 3;
    %store/vec4 v0x58c364355ab0_0, 0, 3;
    %pushi/vec4 1, 0, 32;
    %store/vec4 v0x58c3642f6670_0, 0, 32;
    %pushi/vec4 0, 0, 1;
    %store/vec4 v0x58c364354ac0_0, 0, 1;
    %fork TD_ALU_tb.check, S_0x58c3642f6490;
    %join;
    %pushi/vec4 20, 0, 32;
    %store/vec4 v0x58c3643559d0_0, 0, 32;
    %pushi/vec4 10, 0, 32;
    %store/vec4 v0x58c364355b50_0, 0, 32;
    %pushi/vec4 5, 0, 3;
    %store/vec4 v0x58c364355ab0_0, 0, 3;
    %pushi/vec4 0, 0, 32;
    %store/vec4 v0x58c3642f6670_0, 0, 32;
    %pushi/vec4 1, 0, 1;
    %store/vec4 v0x58c364354ac0_0, 0, 1;
    %fork TD_ALU_tb.check, S_0x58c3642f6490;
    %join;
    %pushi/vec4 0, 0, 32;
    %store/vec4 v0x58c3643559d0_0, 0, 32;
    %pushi/vec4 0, 0, 32;
    %store/vec4 v0x58c364355b50_0, 0, 32;
    %pushi/vec4 0, 0, 3;
    %store/vec4 v0x58c364355ab0_0, 0, 3;
    %pushi/vec4 0, 0, 32;
    %store/vec4 v0x58c3642f6670_0, 0, 32;
    %pushi/vec4 1, 0, 1;
    %store/vec4 v0x58c364354ac0_0, 0, 1;
    %fork TD_ALU_tb.check, S_0x58c3642f6490;
    %join;
    %vpi_call/w 3 70 "$display", "---- ALU TEST END ----" {0 0 0};
    %vpi_call/w 3 71 "$finish" {0 0 0};
    %end;
    .thread T_2;
    .scope S_0x58c364333be0;
T_3 ;
    %vpi_call/w 3 76 "$dumpfile", "alu.vcd" {0 0 0};
    %vpi_call/w 3 77 "$dumpvars", 32'sb00000000000000000000000000000000, S_0x58c364333be0 {0 0 0};
    %end;
    .thread T_3;
# The file index is used to find the file name in the following table.
:file_names 5;
    "N/A";
    "<interactive>";
    "-";
    "tb/ALU_text_tb.v";
    "rtl/core/ALU.v";
